Raw{addedColumns=[Column{constraints=null, isStatic=false, mask=null, name=ColumnIdentifier{bytes=0x7632, interned=true, prefixComparison=-706502191543746560, text="v2"}, type=RawType{frozen=false, type=Native.INT}}], attrs=TableAttributes{properties={}}, bindVariables=VariableSpecifications{immutableSpecs=null, specs=[], targetColumns=[], targetOwners=null, variableNames=[]}, constraintName=null, constraints=null, droppedColumns=[], ifColumnExists=false, ifColumnNotExists=false, ifTableExists=false, kind=Kind.ADD_COLUMNS, maskedColumn=null, name=QualifiedName{keyspace="ks", name="tbl"}, rawMask=null, renamedColumns={}, timestamp=null}