Raw{addedColumns=[], attrs=TableAttributes{properties={}}, bindVariables=VariableSpecifications{immutableSpecs=null, specs=[], targetColumns=[], targetOwners=null, variableNames=[]}, constraintName=null, constraints=null, droppedColumns=[ColumnIdentifier{bytes=0x7632, interned=true, prefixComparison=-706502191543746560, text="v2"}], ifColumnExists=false, ifColumnNotExists=false, ifTableExists=false, kind=Kind.DROP_COLUMNS, maskedColumn=null, name=QualifiedName{keyspace="ks", name="tbl"}, rawMask=null, renamedColumns={}, timestamp=null}