Raw{attrs=IndexAttributes{customClass=null, isCustom=false, properties={}}, bindVariables=VariableSpecifications{immutableSpecs=null, specs=[], targetColumns=[], targetOwners=null, variableNames=[]}, ifNotExists=false, indexName=QualifiedName{keyspace=null, name="myidx"}, rawIndexTargets=[Raw{column=ColumnIdentifier{bytes=0x76, interned=true, prefixComparison=-720575940379279360, text="v"}, type=Type.SIMPLE}], tableName=QualifiedName{keyspace="ks", name="tbl"}}