Raw{bindVariables=VariableSpecifications{immutableSpecs=null, specs=[], targetColumns=[], targetOwners=null, variableNames=[]}, fieldNames=[FieldIdentifier{bytes=0x61}, FieldIdentifier{bytes=0x62}], ifNotExists=false, name=UTName{ksName="ks", utName=ColumnIdentifier{bytes=0x756474, interned=false, prefixComparison=-764358493397319680, text="udt"}}, rawFieldTypes=[RawType{frozen=false, type=Native.INT}, RawType{frozen=false, type=Native.TEXT}]}