ParsedInsert{attrs=Raw{timeToLive=null, timestamp=null}, bindVariables=VariableSpecifications{immutableSpecs=null, specs=[], targetColumns=[], targetOwners=null, variableNames=[]}, columnNames=[ColumnIdentifier{bytes=0x6964, interned=true, prefixComparison=-1629177165201276928, text="id"}, ColumnIdentifier{bytes=0x76, interned=true, prefixComparison=-720575940379279360, text="v"}], columnValues=[Literal{preferedType=<type:Int32Type>, text="1", type=Type.INTEGER}, Literal{preferedType=<type:Int32Type>, text="2", type=Type.INTEGER}], conditions=[], ifExists=false, ifNotExists=true, isForTxn=false, qualifiedName=QualifiedName{keyspace="ks", name="tbl"}, source=StatementSource{charPositionInLine=0, line=0}, type=StatementType.INSERT}