ParsedInsertJson{attrs=Raw{timeToLive=null, timestamp=null}, bindVariables=VariableSpecifications{immutableSpecs=null, specs=[], targetColumns=[], targetOwners=null, variableNames=[]}, conditions=[], defaultUnset=false, ifExists=false, ifNotExists=false, isForTxn=false, jsonValue=Literal{text="{"id": 1, "v": 2}"}, qualifiedName=QualifiedName{keyspace="ks", name="tbl"}, source=StatementSource{charPositionInLine=0, line=0}, type=StatementType.INSERT}