ParsedInsert{attrs=Raw{timeToLive=null, timestamp=null}, bindVariables=VariableSpecifications{immutableSpecs=null, specs=[null, null], targetColumns=[null, null], targetOwners=null, variableNames=[ColumnIdentifier{bytes=0x6964, interned=false, prefixComparison=-1629177165201276928, text="id"}, ColumnIdentifier{bytes=0x76616c, interned=false, prefixComparison=-693154120382545920, text="val"}]}, columnNames=[ColumnIdentifier{bytes=0x6964, interned=true, prefixComparison=-1629177165201276928, text="id"}, ColumnIdentifier{bytes=0x76, interned=true, prefixComparison=-720575940379279360, text="v"}], columnValues=[Raw{bindIndex=0}, Raw{bindIndex=1}], conditions=[], ifExists=false, ifNotExists=false, isForTxn=false, qualifiedName=QualifiedName{keyspace="ks", name="tbl"}, source=StatementSource{charPositionInLine=0, line=0}, type=StatementType.INSERT}