RawStatement{bindVariables=VariableSpecifications{immutableSpecs=null, specs=[], targetColumns=[], targetOwners=null, variableNames=[]}, limit=null, options=SelectOptions{properties={}}, parameters=Parameters{allowFiltering=false, groups=[], isDistinct=false, isJson=false, orderings=[], refName=null}, perPartitionLimit=null, qualifiedName=QualifiedName{keyspace="ks", name="tbl"}, selectClause=[RawSelector{alias=null, selectable=RawIdentifier{quoted=true, text="a"b"}}], source=StatementSource{charPositionInLine=0, line=0}, state=null, whereClause=WhereClause{expressions=[], relations=[]}}