RawStatement{bindVariables=VariableSpecifications{immutableSpecs=null, specs=[null], targetColumns=[null], targetOwners=null, variableNames=[null]}, limit=null, options=SelectOptions{properties={}}, parameters=Parameters{allowFiltering=false, groups=[], isDistinct=false, isJson=false, orderings=[], refName=null}, perPartitionLimit=null, qualifiedName=QualifiedName{keyspace="ks", name="tbl"}, selectClause=[], source=StatementSource{charPositionInLine=0, line=0}, state=null, whereClause=WhereClause{expressions=[], relations=[Relation{operator=Operator.IN, rawExpressions=Raw{identifiers=[ColumnIdentifier{bytes=0x636b, interned=true, prefixComparison=-2059552404591869952, text="ck"}], kind=Kind.SINGLE_COLUMN, rawElement=null}, rawTerms=Terms.Raw{text="?"}}]}}