RawStatement{bindVariables=VariableSpecifications{immutableSpecs=null, specs=[], targetColumns=[], targetOwners=null, variableNames=[]}, limit=null, options=SelectOptions{properties={}}, parameters=Parameters{allowFiltering=true, groups=[], isDistinct=false, isJson=false, orderings=[], refName=null}, perPartitionLimit=null, qualifiedName=QualifiedName{keyspace="ks", name="tbl"}, selectClause=[], source=StatementSource{charPositionInLine=0, line=0}, state=null, whereClause=WhereClause{expressions=[], relations=[Relation{operator=Operator.CONTAINS, rawExpressions=Raw{identifiers=[ColumnIdentifier{bytes=0x74616773, interned=true, prefixComparison=-837274312095301632, text="tags"}], kind=Kind.SINGLE_COLUMN, rawElement=null}, rawTerms=Terms.Raw[Literal{preferedType=<type:AsciiType>, text="x", type=Type.STRING}]}]}}