RawStatement{bindVariables=VariableSpecifications{immutableSpecs=null, specs=[], targetColumns=[], targetOwners=null, variableNames=[]}, limit=Literal{preferedType=<type:Int32Type>, text="10", type=Type.INTEGER}, options=SelectOptions{properties={}}, parameters=Parameters{allowFiltering=false, groups=[], isDistinct=false, isJson=false, orderings=[], refName=null}, perPartitionLimit=Literal{preferedType=<type:Int32Type>, text="2", type=Type.INTEGER}, qualifiedName=QualifiedName{keyspace="ks", name="tbl"}, selectClause=[], source=StatementSource{charPositionInLine=0, line=0}, state=null, whereClause=WhereClause{expressions=[], relations=[]}}