RawStatement{bindVariables=VariableSpecifications{immutableSpecs=null, specs=[], targetColumns=[], targetOwners=null, variableNames=[]}, limit=null, options=SelectOptions{properties={}}, parameters=Parameters{allowFiltering=false, groups=[], isDistinct=false, isJson=false, orderings=[], refName=null}, perPartitionLimit=null, qualifiedName=QualifiedName{keyspace="ks", name="tbl"}, selectClause=[RawSelector{alias=null, selectable=Raw{from=Literal{preferedType=<type:Int32Type>, text="1", type=Type.INTEGER}, selected=RawIdentifier{quoted=false, text="data"}, to=Literal{preferedType=<type:Int32Type>, text="3", type=Type.INTEGER}}}], source=StatementSource{charPositionInLine=0, line=0}, state=null, whereClause=WhereClause{expressions=[], relations=[]}}